{"time":"2026-09-17T14:59:16.3090208+03:00","level":"INFO","source":{"function":"main.main","file":"E:/programming/GoProjects/universal-broker/cmd/broker/main.go","line":33},"msg":"Starting Ingestion Worker Service Node..."}
{"time":"2026-09-17T14:59:16.4382795+03:00","level":"INFO","source":{"function":"main.main.func1","file":"E:/programming/GoProjects/universal-broker/cmd/broker/main.go","line":156},"msg":"Highload Clean Architecture Worker kernel successfully initialized and running."}
{"time":"2026-09-17T15:02:20.5763835+03:00","level":"INFO","source":{"function":"main.main","file":"E:/programming/GoProjects/universal-broker/cmd/broker/main.go","line":162},"msg":"Termination interceptor triggered. Shutting down streaming infrastructure channels cleanly..."}
{"time":"2026-09-17T15:02:20.5763835+03:00","level":"ERROR","source":{"function":"broker/internal/usecase.(*BatchProcessor).logSkippedErrors","file":"E:/programming/GoProjects/universal-broker/internal/usecase/batch_processor.go","line":184},"msg":"Batch data validation failure: entities skipped due to invalid inner payload layout","skipped_count":17}
{"time":"2026-09-17T15:02:21.0766582+03:00","level":"INFO","source":{"function":"main.main","file":"E:/programming/GoProjects/universal-broker/cmd/broker/main.go","line":165},"msg":"Ingestion server node completely stopped. Resources detached successfully."}
{"time":"2026-09-17T15:10:08.9567553+03:00","level":"INFO","source":{"function":"main.main","file":"E:/programming/GoProjects/universal-broker/cmd/broker/main.go","line":33},"msg":"Starting Ingestion Worker Service Node..."}
{"time":"2026-09-17T15:10:09.0655665+03:00","level":"INFO","source":{"function":"main.main.func1","file":"E:/programming/GoProjects/universal-broker/cmd/broker/main.go","line":156},"msg":"Highload Clean Architecture Worker kernel successfully initialized and running."}
{"time":"2026-09-17T15:12:01.5909175+03:00","level":"INFO","source":{"function":"main.main","file":"E:/programming/GoProjects/universal-broker/cmd/broker/main.go","line":162},"msg":"Termination interceptor triggered. Shutting down streaming infrastructure channels cleanly..."}
{"time":"2026-09-17T15:12:02.0920907+03:00","level":"INFO","source":{"function":"main.main","file":"E:/programming/GoProjects/universal-broker/cmd/broker/main.go","line":165},"msg":"Ingestion server node completely stopped. Resources detached successfully."}
{"time":"2026-09-21T12:42:10.0287993+03:00","level":"INFO","source":{"function":"main.main","file":"E:/programming/GoProjects/universal-broker/cmd/broker/main.go","line":35},"msg":"Starting Ingestion Worker Service Node..."}
{"time":"2026-09-21T12:42:10.0358+03:00","level":"ERROR","source":{"function":"main.initPostgresWithRetry","file":"E:/programming/GoProjects/universal-broker/cmd/broker/main.go","line":230},"msg":"Failed to connect to PostgreSQL after multiple attempts"}
{"time":"2026-09-21T12:42:23.3949852+03:00","level":"INFO","source":{"function":"main.main","file":"E:/programming/GoProjects/universal-broker/cmd/broker/main.go","line":35},"msg":"Starting Ingestion Worker Service Node..."}
{"time":"2026-09-21T12:42:23.3996964+03:00","level":"ERROR","source":{"function":"main.initPostgresWithRetry","file":"E:/programming/GoProjects/universal-broker/cmd/broker/main.go","line":230},"msg":"Failed to connect to PostgreSQL after multiple attempts"}
{"time":"2026-09-21T12:42:35.3180953+03:00","level":"INFO","source":{"function":"main.main","file":"E:/programming/GoProjects/universal-broker/cmd/broker/main.go","line":35},"msg":"Starting Ingestion Worker Service Node..."}
{"time":"2026-09-21T12:42:35.3221259+03:00","level":"ERROR","source":{"function":"main.initPostgresWithRetry","file":"E:/programming/GoProjects/universal-broker/cmd/broker/main.go","line":230},"msg":"Failed to connect to PostgreSQL after multiple attempts"}
{"time":"2026-09-21T12:42:41.0245506+03:00","level":"INFO","source":{"function":"main.main","file":"E:/programming/GoProjects/universal-broker/cmd/broker/main.go","line":35},"msg":"Starting Ingestion Worker Service Node..."}
{"time":"2026-09-21T12:42:41.0293802+03:00","level":"ERROR","source":{"function":"main.initPostgresWithRetry","file":"E:/programming/GoProjects/universal-broker/cmd/broker/main.go","line":230},"msg":"Failed to connect to PostgreSQL after multiple attempts"}
{"time":"2026-09-21T12:43:34.8274217+03:00","level":"INFO","source":{"function":"main.main","file":"E:/programming/GoProjects/universal-broker/cmd/broker/main.go","line":35},"msg":"Starting Ingestion Worker Service Node..."}
{"time":"2026-09-21T12:43:34.8693005+03:00","level":"ERROR","source":{"function":"main.initPostgresWithRetry","file":"E:/programming/GoProjects/universal-broker/cmd/broker/main.go","line":230},"msg":"Failed to connect to PostgreSQL after multiple attempts"}
{"time":"2026-09-21T12:45:59.5911024+03:00","level":"INFO","source":{"function":"main.main","file":"E:/programming/GoProjects/universal-broker/cmd/broker/main.go","line":35},"msg":"Starting Ingestion Worker Service Node..."}
{"time":"2026-09-21T12:45:59.595476+03:00","level":"ERROR","source":{"function":"main.initPostgresWithRetry","file":"E:/programming/GoProjects/universal-broker/cmd/broker/main.go","line":230},"msg":"Failed to connect to PostgreSQL after multiple attempts"}
{"time":"2026-09-21T12:52:07.3895237+03:00","level":"INFO","source":{"function":"main.main","file":"E:/programming/GoProjects/universal-broker/cmd/broker/main.go","line":35},"msg":"Starting Ingestion Worker Service Node..."}
{"time":"2026-09-21T12:52:07.3955231+03:00","level":"ERROR","source":{"function":"main.initPostgresWithRetry","file":"E:/programming/GoProjects/universal-broker/cmd/broker/main.go","line":230},"msg":"Failed to connect to PostgreSQL after multiple attempts"}
{"time":"2026-09-21T12:52:37.0206231+03:00","level":"INFO","source":{"function":"main.main","file":"E:/programming/GoProjects/universal-broker/cmd/broker/main.go","line":35},"msg":"Starting Ingestion Worker Service Node..."}
{"time":"2026-09-21T12:52:37.1805915+03:00","level":"INFO","source":{"function":"main.initPostgresWithRetry","file":"E:/programming/GoProjects/universal-broker/cmd/broker/main.go","line":223},"msg":"Successfully connected to PostgreSQL"}
{"time":"2026-09-21T12:52:37.240868+03:00","level":"WARN","source":{"function":"main.initClickhouseWithRetry","file":"E:/programming/GoProjects/universal-broker/cmd/broker/main.go","line":255},"msg":"ClickHouse not ready (attempt 1/5), retrying in 2s...","err":null}
{"time":"2026-09-21T12:53:20.8210065+03:00","level":"INFO","source":{"function":"main.main","file":"E:/programming/GoProjects/universal-broker/cmd/broker/main.go","line":35},"msg":"Starting Ingestion Worker Service Node..."}
{"time":"2026-09-21T12:53:21.0022085+03:00","level":"INFO","source":{"function":"main.initPostgresWithRetry","file":"E:/programming/GoProjects/universal-broker/cmd/broker/main.go","line":223},"msg":"Successfully connected to PostgreSQL"}
{"time":"2026-09-21T12:53:21.0510764+03:00","level":"INFO","source":{"function":"main.initClickhouseWithRetry","file":"E:/programming/GoProjects/universal-broker/cmd/broker/main.go","line":251},"msg":"Successfully connected to ClickHouse"}
{"time":"2026-09-21T12:53:21.0515953+03:00","level":"INFO","source":{"function":"main.runWorkerLoop","file":"E:/programming/GoProjects/universal-broker/cmd/broker/main.go","line":169},"msg":"Attempting to connect to RabbitMQ..."}
{"time":"2026-09-21T12:53:21.1360599+03:00","level":"INFO","source":{"function":"main.runWorkerLoop","file":"E:/programming/GoProjects/universal-broker/cmd/broker/main.go","line":191},"msg":"Highload Clean Architecture Worker kernel successfully initialized and running."}
{"time":"2026-09-21T12:56:29.1958658+03:00","level":"INFO","source":{"function":"broker/internal/usecase.(*BatchProcessor).Execute","file":"E:/programming/GoProjects/universal-broker/internal/usecase/batch_processor.go","line":85},"msg":"Batch successfully processed and committed","sales_processed":0,"stocks_processed":508,"messages_acked":6}
{"time":"2026-09-21T12:56:54.7958531+03:00","level":"INFO","source":{"function":"broker/internal/usecase.(*BatchProcessor).Execute","file":"E:/programming/GoProjects/universal-broker/internal/usecase/batch_processor.go","line":85},"msg":"Batch successfully processed and committed","sales_processed":0,"stocks_processed":508,"messages_acked":6}
{"time":"2026-09-21T13:00:04.587017+03:00","level":"INFO","source":{"function":"main.main","file":"E:/programming/GoProjects/universal-broker/cmd/broker/main.go","line":74},"msg":"Termination interceptor triggered. Shutting down streaming infrastructure cleanly..."}
{"time":"2026-09-21T13:00:04.597017+03:00","level":"INFO","source":{"function":"main.main","file":"E:/programming/GoProjects/universal-broker/cmd/broker/main.go","line":79},"msg":"Ingestion server node completely stopped. Resources detached successfully."}
{"time":"2026-09-21T13:31:21.2512661+03:00","level":"INFO","source":{"function":"main.main","file":"E:/programming/GoProjects/universal-broker/cmd/broker/main.go","line":35},"msg":"Starting Ingestion Worker Service Node..."}
{"time":"2026-09-21T13:31:21.4560588+03:00","level":"INFO","source":{"function":"main.initPostgresWithRetry","file":"E:/programming/GoProjects/universal-broker/cmd/broker/main.go","line":223},"msg":"Successfully connected to PostgreSQL"}
{"time":"2026-09-21T13:31:21.5047007+03:00","level":"INFO","source":{"function":"main.initClickhouseWithRetry","file":"E:/programming/GoProjects/universal-broker/cmd/broker/main.go","line":251},"msg":"Successfully connected to ClickHouse"}
{"time":"2026-09-21T13:31:21.5052462+03:00","level":"INFO","source":{"function":"main.runWorkerLoop","file":"E:/programming/GoProjects/universal-broker/cmd/broker/main.go","line":169},"msg":"Attempting to connect to RabbitMQ..."}
{"time":"2026-09-21T13:31:21.557778+03:00","level":"INFO","source":{"function":"main.runWorkerLoop","file":"E:/programming/GoProjects/universal-broker/cmd/broker/main.go","line":191},"msg":"Highload Clean Architecture Worker kernel successfully initialized and running."}
{"time":"2026-09-21T13:31:28.8142269+03:00","level":"INFO","source":{"function":"broker/internal/usecase.(*BatchProcessor).Execute","file":"E:/programming/GoProjects/universal-broker/internal/usecase/batch_processor.go","line":85},"msg":"Batch successfully processed and committed","sales_processed":0,"stocks_processed":508,"messages_acked":6}
{"time":"2026-09-21T13:32:32.1572406+03:00","level":"INFO","source":{"function":"main.main","file":"E:/programming/GoProjects/universal-broker/cmd/broker/main.go","line":74},"msg":"Termination interceptor triggered. Shutting down streaming infrastructure cleanly..."}
{"time":"2026-09-21T13:32:32.1667745+03:00","level":"INFO","source":{"function":"main.main","file":"E:/programming/GoProjects/universal-broker/cmd/broker/main.go","line":79},"msg":"Ingestion server node completely stopped. Resources detached successfully."}
{"time":"2026-09-29T06:55:06.2175865+03:00","level":"INFO","source":{"function":"main.main","file":"E:/programming/GoProjects/universal-broker/cmd/broker/main.go","line":35},"msg":"Starting Ingestion Worker Service Node..."}
{"time":"2026-09-29T06:55:06.3795951+03:00","level":"INFO","source":{"function":"main.initPostgresWithRetry","file":"E:/programming/GoProjects/universal-broker/cmd/broker/main.go","line":229},"msg":"Successfully connected to PostgreSQL"}
{"time":"2026-09-29T06:55:06.4283593+03:00","level":"INFO","source":{"function":"main.initClickhouseWithRetry","file":"E:/programming/GoProjects/universal-broker/cmd/broker/main.go","line":257},"msg":"Successfully connected to ClickHouse"}
{"time":"2026-09-29T06:55:06.4283593+03:00","level":"INFO","source":{"function":"main.runWorkerLoop","file":"E:/programming/GoProjects/universal-broker/cmd/broker/main.go","line":169},"msg":"Attempting to connect to RabbitMQ..."}
{"time":"2026-09-29T06:55:06.8240799+03:00","level":"ERROR","source":{"function":"main.runWorkerLoop","file":"E:/programming/GoProjects/universal-broker/cmd/broker/main.go","line":185},"msg":"RabbitMQ channel creation failed, retrying...","err":"failed to declare main queue with DLX args: Exception (406) Reason: \"PRECONDITION_FAILED - inequivalent arg 'x-dead-letter-exchange' for queue '1c_requests' in vhost '/': received the value 'dlq_exchange' of type 'longstr' but current is none\""}
